(100)
(200)
(300)
(400)
(500)
(600)
(700)
(800)
(900)
(100,10)
(200,20)
(300,30)
(400,40)
(500,50)
(600,60)
(700,70)
(800,80)
(900,90)
(100,1)
(200,2)
(300,3)
(400,4)
(500,5)
(600,6)
(700,7)
(800,8)
(900,9)
(100,10,1)
(200,20,2)
(300,30,3)
(400,40,4)
(500,50,5)
(600,60,6)
(700,70,7)
(800,80,8)
(900,90,9)
(10)
(20)
(30)
(40)
(50)
(60)
(70)
(80)
(90)
(10,100)
(20,200)
(30,300)
(40,400)
(50,500)
(60,600)
(70,700)
(80,800)
(90,900)
(10,1)
(20,2)
(30,3)
(40,4)
(50,5)
(60,6)
(70,7)
(80,8)
(90,9)
(10,100,1)
(20,200,2)
(30,300,3)
(40,400,4)
(50,500,5)
(60,600,6)
(70,700,7)
(80,800,8)
(90,900,9)
