50
100
200
250
300
400
500
600
700
800
900
950
50
100
200
250
300
400
500
600
700
800
900
950
8
9
10
