(575250,498194)
(536077,507767)
(618527,499023)
(618527,238469)
(618527,238469)
(593609,244244)
